<input_name="vege">a</input>
<input_name="vege">a</input>
<input_name="vege">a</input>
