<input>a</input>
<input>a</input>
<input>a</input>
