<input_value="a">
<input_value="a">
<input_value="a">
