<input_name="vege2"_value="aa"> @ bb cc <input_name="vege1"_value="dd"> ee ff
<input_name="vege2"_value="aa"> bb @ cc <input_name="vege1"_value="dd"> ee ff
<input_name="vege2"_value="aa"> bb cc @ <input_name="vege1"_value="dd"> ee ff
<input_name="vege2"_value="aa"> bb cc dd <input_name="vege1"> ee ff
<input_name="vege2"_value="aa"> bb cc dd <input_name="vege1"_value="ee"> @ ff
