<input_name="vege"_value="aa"> <input_name="vege"> <input_name="vege"_value="bb"> <input_name="vege"_value="cc"> <input_name="vege"_value="dd"> <input_name="vege"_value="ee"> <input_name="vege"_value="ff">
<input_name="vege"_value="aa"> <input_name="vege"_value="bb"> <input_name="vege"> <input_name="vege"_value="cc"> <input_name="vege"_value="dd"> <input_name="vege"_value="ee"> <input_name="vege"_value="ff">
<input_name="vege"_value="aa"> <input_name="vege"_value="bb"> <input_name="vege"_value="cc"> <input_name="vege"> <input_name="vege"_value="dd"> <input_name="vege"_value="ee"> <input_name="vege"_value="ff">
<input_name="vege"_value="aa"> <input_name="vege"_value="bb"> <input_name="vege"_value="cc"> <input_name="vege"_value="dd"> <input_name="vege"> <input_name="vege"_value="ee"> <input_name="vege"_value="ff">
<input_name="vege"_value="aa"> <input_name="vege"_value="bb"> <input_name="vege"_value="cc"> <input_name="vege"_value="dd"> <input_name="vege"_value="ee"> <input_name="vege"> <input_name="vege"_value="ff">
