@ _ \@ \_ " <input_name="vege5"_id=":_:@:\_:&quot;">
