@ @ bb @ @ ee @
@ bb @ cc @ ee @
@ bb @ @ dd ee @
@ bb @ @ @ ee @
aa bb cc dd ee @ ff
