@ @ 2016/11/02_01:30
@ @ @
@ @ @
@ 2016/11/02_01\@30 @
@ @ @
@ @ 2016/11/02_01:30
@ @ 2016/11/02_01:30
@ @ @
@ @ @
@ 2016/11/02_01\@30 @
@ @ @
@ @ 2016/11/02_01:30
@ @ 2016/11/02_01:30
@ @ @
@ @ @
@ 2016/11/02_01\@30 @
@ @ @
@ @ 2016/11/02_01:30
