2016\_11\_01\@01:15_(00) @ 2016\_11\_02\@01:30_(00)
2016\_11\_01\@01:15_(00) @ @
@ @ @
2016\_11\_02\@01:30_(00) 2016\_11\_02\@01:30_(00) @
a b c
@ @ 2016\_11\_02\@01:30_(00)
