     1 [aa @ bb cc dd ee ff]
     2 [aa bb @ cc dd ee ff]
     3 [aa bb cc @ dd ee ff]
     4 [aa bb cc dd @ ee ff]
     5 [aa bb cc dd ee @ ff]
