<input_type="checkbox"_value="1">
<input_type="checkbox"_value="1">
<input_type="checkbox"_value="1">
