<input_type="checkbox"_value="1"_name="vege"> <input_type="checkbox"_value="1"_name="vege"> <input_type="checkbox"_value="1"_name="vege"> <input_type="checkbox"_value="1"_name="vege"> <input_type="checkbox"_value="1"_name="vege"> <input_type="checkbox"_value="1"_name="vege"> <input_type="checkbox"_value="1"_name="vege">
<input_type="checkbox"_value="1"_name="vege"> <input_type="checkbox"_value="1"_name="vege"> <input_type="checkbox"_value="1"_name="vege"> <input_type="checkbox"_value="1"_name="vege"> <input_type="checkbox"_value="1"_name="vege"> <input_type="checkbox"_value="1"_name="vege"> <input_type="checkbox"_value="1"_name="vege">
<input_type="checkbox"_value="1"_name="vege"> <input_type="checkbox"_value="1"_name="vege"> <input_type="checkbox"_value="1"_name="vege"> <input_type="checkbox"_value="1"_name="vege"> <input_type="checkbox"_value="1"_name="vege"> <input_type="checkbox"_value="1"_name="vege"> <input_type="checkbox"_value="1"_name="vege">
<input_type="checkbox"_value="1"_name="vege"> <input_type="checkbox"_value="1"_name="vege"> <input_type="checkbox"_value="1"_name="vege"> <input_type="checkbox"_value="1"_name="vege"> <input_type="checkbox"_value="1"_name="vege"> <input_type="checkbox"_value="1"_name="vege"> <input_type="checkbox"_value="1"_name="vege">
<input_type="checkbox"_value="1"_name="vege"> <input_type="checkbox"_value="1"_name="vege"> <input_type="checkbox"_value="1"_name="vege"> <input_type="checkbox"_value="1"_name="vege"> <input_type="checkbox"_value="1"_name="vege"> <input_type="checkbox"_value="1"_name="vege"> <input_type="checkbox"_value="1"_name="vege">
<input_type="checkbox"_value="1"_name="vege"> <input_type="checkbox"_value="1"_name="vege"> <input_type="checkbox"_value="1"_name="vege"> <input_type="checkbox"_value="1"_name="vege"> <input_type="checkbox"_value="1"_name="vege"> <input_type="checkbox"_value="1"_name="vege"> <input_type="checkbox"_value="1"_name="vege">
<input_type="checkbox"_value="1"_name="vege"> <input_type="checkbox"_value="1"_name="vege"> <input_type="checkbox"_value="1"_name="vege"> <input_type="checkbox"_value="1"_name="vege"> <input_type="checkbox"_value="1"_name="vege"> <input_type="checkbox"_value="1"_name="vege"> <input_type="checkbox"_value="1"_name="vege">
<input_type="checkbox"_value="1"_name="vege"> <input_type="checkbox"_value="1"_name="vege"> <input_type="checkbox"_value="1"_name="vege"> <input_type="checkbox"_value="1"_name="vege"> <input_type="checkbox"_value="1"_name="vege"> <input_type="checkbox"_value="1"_name="vege"> <input_type="checkbox"_value="1"_name="vege">
<input_type="checkbox"_value="1"_name="vege"> <input_type="checkbox"_value="1"_name="vege"> <input_type="checkbox"_value="1"_name="vege"> <input_type="checkbox"_value="1"_name="vege"> <input_type="checkbox"_value="1"_name="vege"> <input_type="checkbox"_value="1"_name="vege"> <input_type="checkbox"_value="1"_name="vege">
<input_type="checkbox"_value="1"_name="vege"> <input_type="checkbox"_value="1"_name="vege"> <input_type="checkbox"_value="1"_name="vege"> <input_type="checkbox"_value="1"_name="vege"> <input_type="checkbox"_value="1"_name="vege"> <input_type="checkbox"_value="1"_name="vege"> <input_type="checkbox"_value="1"_name="vege">
