<input_type="checkbox"_value="b">
<input_type="checkbox"_value="b"_checked>
<input_type="checkbox"_value="b">
