<input_type="checkbox"_value="@"_checked>
<input_type="checkbox"_value="@">
<input_type="checkbox"_value="@"_checked>
