@ _ \@ \_ <input_type="checkbox"_value="1"_name="vege5"_id=":_:@:\_:&quot;">
