20140101 @ 20140202 20140303 20140404
20160101 @ 20160202 20160303 20160404
