20130101 @ 20130202 20130303 20130404
20160101 @ 20160202 20160303 20160404
