@ 12800 000001
@ 9800 000002
@ @ 000003
@ 1280 000004
