123456789 123456789 123456789 123456789 123456789
123456789 123456789 123456789 123456789 123456789
123456789 123456789 123456789 123456789 123456789
123456789 123456789 123456789 123456789 123456789
123456789 123456789 123456789 1234_6789 123456789
1234
