STRING:_aa @ @ @ dd STRING:_ee ff
STRING:_aa bb @ @ dd STRING:_ee ff
STRING:_aa bb @ @ dd STRING:_ee ff
STRING:_aa bb @ @ @ STRING:_ee ff
STRING:_aa bb @ @ ee STRING:_ ff
STRING:_aa @ @ @ dd STRING:_ee ff
STRING:_aa bb @ @ dd STRING:_ee ff
STRING:_aa bb @ @ dd STRING:_ee ff
STRING:_aa bb @ @ @ STRING:_ee ff
STRING:_aa bb @ @ ee STRING:_ ff
