<select><option_value="000001">&lt;EUROPEAN_PEAR&gt;</option><option_value="000002"></option><option_value=""_selected>@</option></select> @ @
