<select_name="vege2"><option_value="000001">EUROPEAN_PEAR</option><option_value="000002">FRENCH_BEAN</option><option_value="000003">JAPANESE_PARSLEY</option></select> @ bb cc <select_name="vege1"><option_value="000001">EUROPEAN_PEAR</option><option_value="000002">FRENCH_BEAN</option><option_value="000003">JAPANESE_PARSLEY</option></select> ee ff
<select_name="vege2"><option_value="000001">EUROPEAN_PEAR</option><option_value="000002">FRENCH_BEAN</option><option_value="000003">JAPANESE_PARSLEY</option></select> bb @ cc <select_name="vege1"><option_value="000001">EUROPEAN_PEAR</option><option_value="000002">FRENCH_BEAN</option><option_value="000003">JAPANESE_PARSLEY</option></select> ee ff
<select_name="vege2"><option_value="000001">EUROPEAN_PEAR</option><option_value="000002">FRENCH_BEAN</option><option_value="000003">JAPANESE_PARSLEY</option></select> bb cc @ <select_name="vege1"><option_value="000001">EUROPEAN_PEAR</option><option_value="000002">FRENCH_BEAN</option><option_value="000003">JAPANESE_PARSLEY</option></select> ee ff
<select_name="vege2"><option_value="000001">EUROPEAN_PEAR</option><option_value="000002">FRENCH_BEAN</option><option_value="000003">JAPANESE_PARSLEY</option></select> bb cc dd <select_name="vege1"><option_value="000001">EUROPEAN_PEAR</option><option_value="000002">FRENCH_BEAN</option><option_value="000003">JAPANESE_PARSLEY</option></select> ee ff
<select_name="vege2"><option_value="000001">EUROPEAN_PEAR</option><option_value="000002">FRENCH_BEAN</option><option_value="000003">JAPANESE_PARSLEY</option></select> bb cc dd <select_name="vege1"><option_value="000001">EUROPEAN_PEAR</option><option_value="000002">FRENCH_BEAN</option><option_value="000003">JAPANESE_PARSLEY</option></select> @ ff
