<select_name="vege"><option_value="000001">EUROPEAN_PEAR,_CHINA,_000001</option><option_value="000002">FRENCH_BEAN,_CHINA,_000002</option><option_value="000003">JAPANESE_PARSLEY,_JAPAN,_000003</option></select> <select_name="vege"><option_value="000001">EUROPEAN_PEAR,_CHINA,_000001</option><option_value="000002">FRENCH_BEAN,_CHINA,_000002</option><option_value="000003">JAPANESE_PARSLEY,_JAPAN,_000003</option></select> <select_name="vege"><option_value="000001">EUROPEAN_PEAR,_CHINA,_000001</option><option_value="000002">FRENCH_BEAN,_CHINA,_000002</option><option_value="000003">JAPANESE_PARSLEY,_JAPAN,_000003</option></select> <select_name="vege"><option_value="000001">EUROPEAN_PEAR,_CHINA,_000001</option><option_value="000002">FRENCH_BEAN,_CHINA,_000002</option><option_value="000003">JAPANESE_PARSLEY,_JAPAN,_000003</option></select> <select_name="vege"><option_value="000001">EUROPEAN_PEAR,_CHINA,_000001</option><option_value="000002">FRENCH_BEAN,_CHINA,_000002</option><option_value="000003">JAPANESE_PARSLEY,_JAPAN,_000003</option></select> <select_name="vege"><option_value="000001">EUROPEAN_PEAR,_CHINA,_000001</option><option_value="000002">FRENCH_BEAN,_CHINA,_000002</option><option_value="000003">JAPANESE_PARSLEY,_JAPAN,_000003</option></select> <select_name="vege"><option_value="000001">EUROPEAN_PEAR,_CHINA,_000001</option><option_value="000002">FRENCH_BEAN,_CHINA,_000002</option><option_value="000003">JAPANESE_PARSLEY,_JAPAN,_000003</option></select>
<select_name="vege"><option_value="000001">EUROPEAN_PEAR,_CHINA,_000001</option><option_value="000002">FRENCH_BEAN,_CHINA,_000002</option><option_value="000003">JAPANESE_PARSLEY,_JAPAN,_000003</option></select> <select_name="vege"><option_value="000001">EUROPEAN_PEAR,_CHINA,_000001</option><option_value="000002">FRENCH_BEAN,_CHINA,_000002</option><option_value="000003">JAPANESE_PARSLEY,_JAPAN,_000003</option></select> <select_name="vege"><option_value="000001">EUROPEAN_PEAR,_CHINA,_000001</option><option_value="000002">FRENCH_BEAN,_CHINA,_000002</option><option_value="000003">JAPANESE_PARSLEY,_JAPAN,_000003</option></select> <select_name="vege"><option_value="000001">EUROPEAN_PEAR,_CHINA,_000001</option><option_value="000002">FRENCH_BEAN,_CHINA,_000002</option><option_value="000003">JAPANESE_PARSLEY,_JAPAN,_000003</option></select> <select_name="vege"><option_value="000001">EUROPEAN_PEAR,_CHINA,_000001</option><option_value="000002">FRENCH_BEAN,_CHINA,_000002</option><option_value="000003">JAPANESE_PARSLEY,_JAPAN,_000003</option></select> <select_name="vege"><option_value="000001">EUROPEAN_PEAR,_CHINA,_000001</option><option_value="000002">FRENCH_BEAN,_CHINA,_000002</option><option_value="000003">JAPANESE_PARSLEY,_JAPAN,_000003</option></select> <select_name="vege"><option_value="000001">EUROPEAN_PEAR,_CHINA,_000001</option><option_value="000002">FRENCH_BEAN,_CHINA,_000002</option><option_value="000003">JAPANESE_PARSLEY,_JAPAN,_000003</option></select>
<select_name="vege"><option_value="000001">EUROPEAN_PEAR,_CHINA,_000001</option><option_value="000002">FRENCH_BEAN,_CHINA,_000002</option><option_value="000003">JAPANESE_PARSLEY,_JAPAN,_000003</option></select> <select_name="vege"><option_value="000001">EUROPEAN_PEAR,_CHINA,_000001</option><option_value="000002">FRENCH_BEAN,_CHINA,_000002</option><option_value="000003">JAPANESE_PARSLEY,_JAPAN,_000003</option></select> <select_name="vege"><option_value="000001">EUROPEAN_PEAR,_CHINA,_000001</option><option_value="000002">FRENCH_BEAN,_CHINA,_000002</option><option_value="000003">JAPANESE_PARSLEY,_JAPAN,_000003</option></select> <select_name="vege"><option_value="000001">EUROPEAN_PEAR,_CHINA,_000001</option><option_value="000002">FRENCH_BEAN,_CHINA,_000002</option><option_value="000003">JAPANESE_PARSLEY,_JAPAN,_000003</option></select> <select_name="vege"><option_value="000001">EUROPEAN_PEAR,_CHINA,_000001</option><option_value="000002">FRENCH_BEAN,_CHINA,_000002</option><option_value="000003">JAPANESE_PARSLEY,_JAPAN,_000003</option></select> <select_name="vege"><option_value="000001">EUROPEAN_PEAR,_CHINA,_000001</option><option_value="000002">FRENCH_BEAN,_CHINA,_000002</option><option_value="000003">JAPANESE_PARSLEY,_JAPAN,_000003</option></select> <select_name="vege"><option_value="000001">EUROPEAN_PEAR,_CHINA,_000001</option><option_value="000002">FRENCH_BEAN,_CHINA,_000002</option><option_value="000003">JAPANESE_PARSLEY,_JAPAN,_000003</option></select>
<select_name="vege"><option_value="000001">EUROPEAN_PEAR,_CHINA,_000001</option><option_value="000002">FRENCH_BEAN,_CHINA,_000002</option><option_value="000003">JAPANESE_PARSLEY,_JAPAN,_000003</option></select> <select_name="vege"><option_value="000001">EUROPEAN_PEAR,_CHINA,_000001</option><option_value="000002">FRENCH_BEAN,_CHINA,_000002</option><option_value="000003">JAPANESE_PARSLEY,_JAPAN,_000003</option></select> <select_name="vege"><option_value="000001">EUROPEAN_PEAR,_CHINA,_000001</option><option_value="000002">FRENCH_BEAN,_CHINA,_000002</option><option_value="000003">JAPANESE_PARSLEY,_JAPAN,_000003</option></select> <select_name="vege"><option_value="000001">EUROPEAN_PEAR,_CHINA,_000001</option><option_value="000002">FRENCH_BEAN,_CHINA,_000002</option><option_value="000003">JAPANESE_PARSLEY,_JAPAN,_000003</option></select> <select_name="vege"><option_value="000001">EUROPEAN_PEAR,_CHINA,_000001</option><option_value="000002">FRENCH_BEAN,_CHINA,_000002</option><option_value="000003">JAPANESE_PARSLEY,_JAPAN,_000003</option></select> <select_name="vege"><option_value="000001">EUROPEAN_PEAR,_CHINA,_000001</option><option_value="000002">FRENCH_BEAN,_CHINA,_000002</option><option_value="000003">JAPANESE_PARSLEY,_JAPAN,_000003</option></select> <select_name="vege"><option_value="000001">EUROPEAN_PEAR,_CHINA,_000001</option><option_value="000002">FRENCH_BEAN,_CHINA,_000002</option><option_value="000003">JAPANESE_PARSLEY,_JAPAN,_000003</option></select>
<select_name="vege"><option_value="000001">EUROPEAN_PEAR,_CHINA,_000001</option><option_value="000002">FRENCH_BEAN,_CHINA,_000002</option><option_value="000003">JAPANESE_PARSLEY,_JAPAN,_000003</option></select> <select_name="vege"><option_value="000001">EUROPEAN_PEAR,_CHINA,_000001</option><option_value="000002">FRENCH_BEAN,_CHINA,_000002</option><option_value="000003">JAPANESE_PARSLEY,_JAPAN,_000003</option></select> <select_name="vege"><option_value="000001">EUROPEAN_PEAR,_CHINA,_000001</option><option_value="000002">FRENCH_BEAN,_CHINA,_000002</option><option_value="000003">JAPANESE_PARSLEY,_JAPAN,_000003</option></select> <select_name="vege"><option_value="000001">EUROPEAN_PEAR,_CHINA,_000001</option><option_value="000002">FRENCH_BEAN,_CHINA,_000002</option><option_value="000003">JAPANESE_PARSLEY,_JAPAN,_000003</option></select> <select_name="vege"><option_value="000001">EUROPEAN_PEAR,_CHINA,_000001</option><option_value="000002">FRENCH_BEAN,_CHINA,_000002</option><option_value="000003">JAPANESE_PARSLEY,_JAPAN,_000003</option></select> <select_name="vege"><option_value="000001">EUROPEAN_PEAR,_CHINA,_000001</option><option_value="000002">FRENCH_BEAN,_CHINA,_000002</option><option_value="000003">JAPANESE_PARSLEY,_JAPAN,_000003</option></select> <select_name="vege"><option_value="000001">EUROPEAN_PEAR,_CHINA,_000001</option><option_value="000002">FRENCH_BEAN,_CHINA,_000002</option><option_value="000003">JAPANESE_PARSLEY,_JAPAN,_000003</option></select>
