<select><option_value="000001">CHINESE_CABBAGE_CHINESE_CABBAGE_000001</option><option_value="000002">EUROPEAN_PEAR_EUROPEAN_PEAR_000002</option><option_value="000003">FRENCH_BEAN_FRENCH_BEAN_000003</option><option_value="000004">JAPANESE_MILLET_JAPANESE_MILLET_000004</option><option_value="000005">JAPANESE_PARSLEY_JAPANESE_PARSLEY_000005</option><option_value="000006">JAPANESE_PEAR_JAPANESE_PEAR_000006</option><option_value="000007">JAPANESE_PEPPER_JAPANESE_PEPPER_000007</option><option_value="000008">JAPANESE_RADISH_JAPANESE_RADISH_000008</option><option_value="000009">JAPANESE_YAM_JAPANESE_YAM_000009</option><option_value="000010">JERSEY_CUDWEED_JERSEY_CUDWEED_000010</option><option_value="000011">KYOHO_GRAPES_KYOHO_GRAPES_000011</option><option_value="000012">MUSCAT_GRAPES_MUSCAT_GRAPES_000012</option><option_value="000013">SATSUMA_MANDARIN_SATSUMA_MANDARIN_000013</option><option_value="000014">VALENCIAN_ORANGE_VALENCIAN_ORANGE_000014</option><option_value="000015">WELSH_ONION_WELSH_ONION_000015</option><option_value="000016">ACEROLA_ACEROLA_000016</option><option_value="000017">ACORN_ACORN_000017</option><option_value="000018">ACORN_SQUASH_ACORN_SQUASH_000018</option><option_value="000019">AGARICUS_AGARICUS_000019</option><option_value="000020">AKEBI_AKEBI_000020</option><option_value="000021">ALMOND_ALMOND_000021</option><option_value="000022">AMANATSU_AMANATSU_000022</option><option_value="000023">APPLE_APPLE_000023</option><option_value="000024">APRICOT_APRICOT_000024</option><option_value="000025">ARTICHOKE_ARTICHOKE_000025</option><option_value="000026">ASPARAGUS_ASPARAGUS_000026</option><option_value="000027">ATE_ATE_000027</option><option_value="000028">AUBERGINE_AUBERGINE_000028</option><option_value="000029">AVOCADO_AVOCADO_000029</option><option_value="000030">BAMBOO_SHOOT_BAMBOO_SHOOT_000030</option><option_value="000031">BANANA_BANANA_000031</option><option_value="000032">BARLEY_BARLEY_000032</option><option_value="000033">BASIL_BASIL_000033</option><option_value="000034">BAYBERRY_BAYBERRY_000034</option><option_value="000035">BEAN_SPROUT_BEAN_SPROUT_000035</option><option_value="000036">BEET_BEET_000036</option><option_value="000037">BELL_PEPPER_BELL_PEPPER_000037</option><option_value="000038">BITTER_GOURD_BITTER_GOURD_000038</option><option_value="000039">BLACK_SOYBEAN_BLACK_SOYBEAN_000039</option><option_value="000040">BLACKBERRY_BLACKBERRY_000040</option><option_value="000041">BLUEBERRY_BLUEBERRY_000041</option><option_value="000042">BOK_CHOY_BOK_CHOY_000042</option><option_value="000043">BRACKEN_BRACKEN_000043</option><option_value="000044">BROAD_BEAN_BROAD_BEAN_000044</option><option_value="000045">BROCCOLI_BROCCOLI_000045</option><option_value="000046">BROWN_RICE_BROWN_RICE_000046</option><option_value="000047">BRUSSELS_SPROUT_BRUSSELS_SPROUT_000047</option><option_value="000048">BUCKWHEAT_BUCKWHEAT_000048</option><option_value="000049">BURDOCK_BURDOCK_000049</option><option_value="000050">BUTTER_BEAN_BUTTER_BEAN_000050</option><option_value="000051">BUTTERBUR_BUTTERBUR_000051</option><option_value="000052">BUTTERNUT_SQUASH_BUTTERNUT_SQUASH_000052</option><option_value="000053">CABBAGE_CABBAGE_000053</option><option_value="000054">CACAO_CACAO_000054</option><option_value="000055">CACAO_BEANS_CACAO_BEANS_000055</option><option_value="000056">CANTALOUPE_CANTALOUPE_000056</option><option_value="000057">CARROT_CARROT_000057</option><option_value="000058">CASHEW_NUT_CASHEW_NUT_000058</option><option_value="000059">CELERY_CELERY_000059</option><option_value="000060">CHERRY_CHERRY_000060</option><option_value="000061">CHESTNUT_CHESTNUT_000061</option><option_value="000062">CHICKPEA_CHICKPEA_000062</option><option_value="000063">CHICORY_CHICORY_000063</option><option_value="000064">CHILI_CHILI_000064</option><option_value="000065">CHIVE_CHIVE_000065</option><option_value="000066">CIBOL_CIBOL_000066</option><option_value="000067">CITRON_CITRON_000067</option><option_value="000068">CITRUS_CITRUS_000068</option><option_value="000069">COCONUT_COCONUT_000069</option><option_value="000070">COFFEE_BEANS_COFFEE_BEANS_000070</option><option_value="000071">CORIANDER_CORIANDER_000071</option><option_value="000072">CORN_CORN_000072</option><option_value="000073">COWPEA_COWPEA_000073</option><option_value="000074">CRANBERRY_CRANBERRY_000074</option><option_value="000075">CROWN_DAISY_CROWN_DAISY_000075</option><option_value="000076">CUCUMBER_CUCUMBER_000076</option><option_value="000077">DISHCLOTH_GOURD_DISHCLOTH_GOURD_000077</option><option_value="000078">DROPWORT_DROPWORT_000078</option><option_value="000079">DURIAN_DURIAN_000079</option><option_value="000080">EGGPLANT_EGGPLANT_000080</option><option_value="000081">ENOKI_MUSHROOM_ENOKI_MUSHROOM_000081</option><option_value="000082">FATSIA_SPROUT_FATSIA_SPROUT_000082</option><option_value="000083">FAVA_BEAN_FAVA_BEAN_000083</option><option_value="000084">FIELD_HORSETAIL_FIELD_HORSETAIL_000084</option><option_value="000085">FIELD_PEA_FIELD_PEA_000085</option><option_value="000086">FIG_FIG_000086</option><option_value="000087">FLOWERING_FERN_FLOWERING_FERN_000087</option><option_value="000088">GARLIC_GARLIC_000088</option><option_value="000089">GINGER_GINGER_000089</option><option_value="000090">GINKGO_NUT_GINKGO_NUT_000090</option><option_value="000091">GRAIN_GRAIN_000091</option><option_value="000092">GRAPE_GRAPE_000092</option><option_value="000093">GRAPEFRUIT_GRAPEFRUIT_000093</option><option_value="000094">GRAPES_GRAPES_000094</option><option_value="000095">GREEN_PEA_GREEN_PEA_000095</option><option_value="000096">GREEN_PEPPER_GREEN_PEPPER_000096</option><option_value="000097">GREEN_SOYBEAN_GREEN_SOYBEAN_000097</option><option_value="000098">GUAVA_GUAVA_000098</option><option_value="000099">HONEWORT_HONEWORT_000099</option><option_value="000100">HONEYDEW_MELON_HONEYDEW_MELON_000100</option><option_value="000101">ISH_ISH_000101</option><option_value="000102">IYOKAN_IYOKAN_000102</option><option_value="000103">JUJUBE_JUJUBE_000103</option><option_value="000104">JUTE_JUTE_000104</option><option_value="000105">KALE_KALE_000105</option><option_value="000106">KIDNEY_BEAN_KIDNEY_BEAN_000106</option><option_value="000107">KIWI_KIWI_000107</option><option_value="000108">KIWI_FRUIT_KIWI_FRUIT_000108</option><option_value="000109">KONJAK_KONJAK_000109</option><option_value="000110">KUMQUAT_KUMQUAT_000110</option><option_value="000111">KYOHO_GRAPES_KYOHO_GRAPES_000111</option><option_value="000112">LEAF_MUSTARD_LEAF_MUSTARD_000112</option><option_value="000113">LEEK_LEEK_000113</option><option_value="000114">LEMON_LEMON_000114</option><option_value="000115">LEMON_GRASS_LEMON_GRASS_000115</option><option_value="000116">LENTIL_LENTIL_000116</option><option_value="000117">LETTUCE_LETTUCE_000117</option><option_value="000118">LILY_ROOT_LILY_ROOT_000118</option><option_value="000119">LIMA_BEAN_LIMA_BEAN_000119</option><option_value="000120">LIME_LIME_000120</option><option_value="000121">LITCHI_LITCHI_000121</option><option_value="000122">LOQUAT_LOQUAT_000122</option><option_value="000123">LOTUS_ROOT_LOTUS_ROOT_000123</option><option_value="000124">LYCHEE_LYCHEE_000124</option><option_value="000125">MAITAKE_MUSHROOM_MAITAKE_MUSHROOM_000125</option><option_value="000126">MANDARIN_ORANGE_MANDARIN_ORANGE_000126</option><option_value="000127">MANDARINS_MANDARINS_000127</option><option_value="000128">MANGO_MANGO_000128</option><option_value="000129">MATSUTAKE_MUSHROOM_MATSUTAKE_MUSHROOM_000129</option><option_value="000130">MELON_MELON_000130</option><option_value="000131">MILLET_MILLET_000131</option><option_value="000132">MUGWORT_MUGWORT_000132</option><option_value="000133">MUNG_BEAN_MUNG_BEAN_000133</option><option_value="000134">MUSCAT_MUSCAT_000134</option><option_value="000135">MUSCAT_GRAPES_MUSCAT_GRAPES_000135</option><option_value="000136">MUSHROOM_MUSHROOM_000136</option><option_value="000137">MUSK_MELON_MUSK_MELON_000137</option><option_value="000138">MUSKMELON_MUSKMELON_000138</option><option_value="000139">MUSTARD_SPINACH_MUSTARD_SPINACH_000139</option><option_value="000140">NAMEKO_MUSHROOM_NAMEKO_MUSHROOM_000140</option><option_value="000141">NAVEL_ORANGE_NAVEL_ORANGE_000141</option><option_value="000142">NECTARINE_NECTARINE_000142</option><option_value="000143">OKRA_OKRA_000143</option><option_value="000144">OLIVE_OLIVE_000144</option><option_value="000145">ONION_ONION_000145</option><option_value="000146">ORANGE_ORANGE_000146</option><option_value="000147">PAPAYA_PAPAYA_000147</option><option_value="000148">PAPRIKA_PAPRIKA_000148</option><option_value="000149">PARSLEY_PARSLEY_000149</option><option_value="000150">PARSNIP_PARSNIP_000150</option><option_value="000151">PASSION_FRUIT_PASSION_FRUIT_000151</option><option_value="000152">PEA_PEA_000152</option><option_value="000153">PEACH_PEACH_000153</option><option_value="000154">PEANUT_PEANUT_000154</option><option_value="000155">PEAR_PEAR_000155</option><option_value="000156">PEARL_ONION_PEARL_ONION_000156</option><option_value="000157">PEEL_PEEL_000157</option><option_value="000158">PERILLA_PERILLA_000158</option><option_value="000159">PERSIMMON_PERSIMMON_000159</option><option_value="000160">PINEAPPLE_PINEAPPLE_000160</option><option_value="000161">PISTACHIO_PISTACHIO_000161</option><option_value="000162">PLUM_PLUM_000162</option><option_value="000163">POMEGRANATE_POMEGRANATE_000163</option><option_value="000164">POMELO_POMELO_000164</option><option_value="000165">POTATO_POTATO_000165</option><option_value="000166">POTHERB_MUSTARD_POTHERB_MUSTARD_000166</option><option_value="000167">PRUNE_PRUNE_000167</option><option_value="000168">PUMPKIN_PUMPKIN_000168</option><option_value="000169">QUINCE_QUINCE_000169</option><option_value="000170">RADISH_RADISH_000170</option><option_value="000171">RADISH_SHOOT_RADISH_SHOOT_000171</option><option_value="000172">RAPE_BLOSSOMS_RAPE_BLOSSOMS_000172</option><option_value="000173">RASPBERRY_RASPBERRY_000173</option><option_value="000174">RED_BEAN_RED_BEAN_000174</option><option_value="000175">RED_ONION_RED_ONION_000175</option><option_value="000176">RED_PEPPER_RED_PEPPER_000176</option><option_value="000177">RICE_RICE_000177</option><option_value="000178">RYE_RYE_000178</option><option_value="000179">SEED_SEED_000179</option><option_value="000180">SESAME_SESAME_000180</option><option_value="000181">SHALLOT_SHALLOT_000181</option><option_value="000182">SHIITAKE_MUSHROOM_SHIITAKE_MUSHROOM_000182</option><option_value="000183">SHIMEJI_MUSHROOM_SHIMEJI_MUSHROOM_000183</option><option_value="000184">SKIN_SKIN_000184</option><option_value="000185">SOYBEAN_SOYBEAN_000185</option><option_value="000186">SPINACH_SPINACH_000186</option><option_value="000187">SPROUT_SPROUT_000187</option><option_value="000188">STAR_FRUIT_STAR_FRUIT_000188</option><option_value="000189">STRAWBERRY_STRAWBERRY_000189</option><option_value="000190">STRING_BEAN_STRING_BEAN_000190</option><option_value="000191">SWEET_GREEN_PEPPER_SWEET_GREEN_PEPPER_000191</option><option_value="000192">SWEET_POTATO_SWEET_POTATO_000192</option><option_value="000193">TANGERINE_TANGERINE_000193</option><option_value="000194">TARO_TARO_000194</option><option_value="000195">TOMATO_TOMATO_000195</option><option_value="000196">TRUFFLE_TRUFFLE_000196</option><option_value="000197">TURNIP_TURNIP_000197</option><option_value="000198">TURNIP_GREENS_TURNIP_GREENS_000198</option><option_value="000199">UDO_UDO_000199</option><option_value="000200">UME_UME_000200</option><option_value="000201">WALNUT_WALNUT_000201</option><option_value="000202">WATER_SHIELD_WATER_SHIELD_000202</option><option_value="000203">WATERCRESS_WATERCRESS_000203</option><option_value="000204">WATERMELON_WATERMELON_000204</option><option_value="000205">WAX_GOURD_WAX_GOURD_000205</option><option_value="000206">WER_WER_000206</option><option_value="000207">WHEAT_WHEAT_000207</option><option_value="000208">YUZU_YUZU_000208</option><option_value="000209">ZUCCHINI_COURGETTE_ZUCCHINI_COURGETTE_000209</option></select> <select><option_value="000001">CHINESE_CABBAGE_CHINESE_CABBAGE_000001</option><option_value="000002">EUROPEAN_PEAR_EUROPEAN_PEAR_000002</option><option_value="000003">FRENCH_BEAN_FRENCH_BEAN_000003</option><option_value="000004">JAPANESE_MILLET_JAPANESE_MILLET_000004</option><option_value="000005">JAPANESE_PARSLEY_JAPANESE_PARSLEY_000005</option><option_value="000006">JAPANESE_PEAR_JAPANESE_PEAR_000006</option><option_value="000007">JAPANESE_PEPPER_JAPANESE_PEPPER_000007</option><option_value="000008">JAPANESE_RADISH_JAPANESE_RADISH_000008</option><option_value="000009">JAPANESE_YAM_JAPANESE_YAM_000009</option><option_value="000010">JERSEY_CUDWEED_JERSEY_CUDWEED_000010</option><option_value="000011">KYOHO_GRAPES_KYOHO_GRAPES_000011</option><option_value="000012">MUSCAT_GRAPES_MUSCAT_GRAPES_000012</option><option_value="000013">SATSUMA_MANDARIN_SATSUMA_MANDARIN_000013</option><option_value="000014">VALENCIAN_ORANGE_VALENCIAN_ORANGE_000014</option><option_value="000015">WELSH_ONION_WELSH_ONION_000015</option><option_value="000016">ACEROLA_ACEROLA_000016</option><option_value="000017">ACORN_ACORN_000017</option><option_value="000018">ACORN_SQUASH_ACORN_SQUASH_000018</option><option_value="000019">AGARICUS_AGARICUS_000019</option><option_value="000020">AKEBI_AKEBI_000020</option><option_value="000021">ALMOND_ALMOND_000021</option><option_value="000022">AMANATSU_AMANATSU_000022</option><option_value="000023">APPLE_APPLE_000023</option><option_value="000024">APRICOT_APRICOT_000024</option><option_value="000025">ARTICHOKE_ARTICHOKE_000025</option><option_value="000026">ASPARAGUS_ASPARAGUS_000026</option><option_value="000027">ATE_ATE_000027</option><option_value="000028">AUBERGINE_AUBERGINE_000028</option><option_value="000029">AVOCADO_AVOCADO_000029</option><option_value="000030">BAMBOO_SHOOT_BAMBOO_SHOOT_000030</option><option_value="000031">BANANA_BANANA_000031</option><option_value="000032">BARLEY_BARLEY_000032</option><option_value="000033">BASIL_BASIL_000033</option><option_value="000034">BAYBERRY_BAYBERRY_000034</option><option_value="000035">BEAN_SPROUT_BEAN_SPROUT_000035</option><option_value="000036">BEET_BEET_000036</option><option_value="000037">BELL_PEPPER_BELL_PEPPER_000037</option><option_value="000038">BITTER_GOURD_BITTER_GOURD_000038</option><option_value="000039">BLACK_SOYBEAN_BLACK_SOYBEAN_000039</option><option_value="000040">BLACKBERRY_BLACKBERRY_000040</option><option_value="000041">BLUEBERRY_BLUEBERRY_000041</option><option_value="000042">BOK_CHOY_BOK_CHOY_000042</option><option_value="000043">BRACKEN_BRACKEN_000043</option><option_value="000044">BROAD_BEAN_BROAD_BEAN_000044</option><option_value="000045">BROCCOLI_BROCCOLI_000045</option><option_value="000046">BROWN_RICE_BROWN_RICE_000046</option><option_value="000047">BRUSSELS_SPROUT_BRUSSELS_SPROUT_000047</option><option_value="000048">BUCKWHEAT_BUCKWHEAT_000048</option><option_value="000049">BURDOCK_BURDOCK_000049</option><option_value="000050">BUTTER_BEAN_BUTTER_BEAN_000050</option><option_value="000051">BUTTERBUR_BUTTERBUR_000051</option><option_value="000052">BUTTERNUT_SQUASH_BUTTERNUT_SQUASH_000052</option><option_value="000053">CABBAGE_CABBAGE_000053</option><option_value="000054">CACAO_CACAO_000054</option><option_value="000055">CACAO_BEANS_CACAO_BEANS_000055</option><option_value="000056">CANTALOUPE_CANTALOUPE_000056</option><option_value="000057">CARROT_CARROT_000057</option><option_value="000058">CASHEW_NUT_CASHEW_NUT_000058</option><option_value="000059">CELERY_CELERY_000059</option><option_value="000060">CHERRY_CHERRY_000060</option><option_value="000061">CHESTNUT_CHESTNUT_000061</option><option_value="000062">CHICKPEA_CHICKPEA_000062</option><option_value="000063">CHICORY_CHICORY_000063</option><option_value="000064">CHILI_CHILI_000064</option><option_value="000065">CHIVE_CHIVE_000065</option><option_value="000066">CIBOL_CIBOL_000066</option><option_value="000067">CITRON_CITRON_000067</option><option_value="000068">CITRUS_CITRUS_000068</option><option_value="000069">COCONUT_COCONUT_000069</option><option_value="000070">COFFEE_BEANS_COFFEE_BEANS_000070</option><option_value="000071">CORIANDER_CORIANDER_000071</option><option_value="000072">CORN_CORN_000072</option><option_value="000073">COWPEA_COWPEA_000073</option><option_value="000074">CRANBERRY_CRANBERRY_000074</option><option_value="000075">CROWN_DAISY_CROWN_DAISY_000075</option><option_value="000076">CUCUMBER_CUCUMBER_000076</option><option_value="000077">DISHCLOTH_GOURD_DISHCLOTH_GOURD_000077</option><option_value="000078">DROPWORT_DROPWORT_000078</option><option_value="000079">DURIAN_DURIAN_000079</option><option_value="000080">EGGPLANT_EGGPLANT_000080</option><option_value="000081">ENOKI_MUSHROOM_ENOKI_MUSHROOM_000081</option><option_value="000082">FATSIA_SPROUT_FATSIA_SPROUT_000082</option><option_value="000083">FAVA_BEAN_FAVA_BEAN_000083</option><option_value="000084">FIELD_HORSETAIL_FIELD_HORSETAIL_000084</option><option_value="000085">FIELD_PEA_FIELD_PEA_000085</option><option_value="000086">FIG_FIG_000086</option><option_value="000087">FLOWERING_FERN_FLOWERING_FERN_000087</option><option_value="000088">GARLIC_GARLIC_000088</option><option_value="000089">GINGER_GINGER_000089</option><option_value="000090">GINKGO_NUT_GINKGO_NUT_000090</option><option_value="000091">GRAIN_GRAIN_000091</option><option_value="000092">GRAPE_GRAPE_000092</option><option_value="000093">GRAPEFRUIT_GRAPEFRUIT_000093</option><option_value="000094">GRAPES_GRAPES_000094</option><option_value="000095">GREEN_PEA_GREEN_PEA_000095</option><option_value="000096">GREEN_PEPPER_GREEN_PEPPER_000096</option><option_value="000097">GREEN_SOYBEAN_GREEN_SOYBEAN_000097</option><option_value="000098">GUAVA_GUAVA_000098</option><option_value="000099">HONEWORT_HONEWORT_000099</option><option_value="000100">HONEYDEW_MELON_HONEYDEW_MELON_000100</option><option_value="000101">ISH_ISH_000101</option><option_value="000102">IYOKAN_IYOKAN_000102</option><option_value="000103">JUJUBE_JUJUBE_000103</option><option_value="000104">JUTE_JUTE_000104</option><option_value="000105">KALE_KALE_000105</option><option_value="000106">KIDNEY_BEAN_KIDNEY_BEAN_000106</option><option_value="000107">KIWI_KIWI_000107</option><option_value="000108">KIWI_FRUIT_KIWI_FRUIT_000108</option><option_value="000109">KONJAK_KONJAK_000109</option><option_value="000110">KUMQUAT_KUMQUAT_000110</option><option_value="000111">KYOHO_GRAPES_KYOHO_GRAPES_000111</option><option_value="000112">LEAF_MUSTARD_LEAF_MUSTARD_000112</option><option_value="000113">LEEK_LEEK_000113</option><option_value="000114">LEMON_LEMON_000114</option><option_value="000115">LEMON_GRASS_LEMON_GRASS_000115</option><option_value="000116">LENTIL_LENTIL_000116</option><option_value="000117">LETTUCE_LETTUCE_000117</option><option_value="000118">LILY_ROOT_LILY_ROOT_000118</option><option_value="000119">LIMA_BEAN_LIMA_BEAN_000119</option><option_value="000120">LIME_LIME_000120</option><option_value="000121">LITCHI_LITCHI_000121</option><option_value="000122">LOQUAT_LOQUAT_000122</option><option_value="000123">LOTUS_ROOT_LOTUS_ROOT_000123</option><option_value="000124">LYCHEE_LYCHEE_000124</option><option_value="000125">MAITAKE_MUSHROOM_MAITAKE_MUSHROOM_000125</option><option_value="000126">MANDARIN_ORANGE_MANDARIN_ORANGE_000126</option><option_value="000127">MANDARINS_MANDARINS_000127</option><option_value="000128">MANGO_MANGO_000128</option><option_value="000129">MATSUTAKE_MUSHROOM_MATSUTAKE_MUSHROOM_000129</option><option_value="000130">MELON_MELON_000130</option><option_value="000131">MILLET_MILLET_000131</option><option_value="000132">MUGWORT_MUGWORT_000132</option><option_value="000133">MUNG_BEAN_MUNG_BEAN_000133</option><option_value="000134">MUSCAT_MUSCAT_000134</option><option_value="000135">MUSCAT_GRAPES_MUSCAT_GRAPES_000135</option><option_value="000136">MUSHROOM_MUSHROOM_000136</option><option_value="000137">MUSK_MELON_MUSK_MELON_000137</option><option_value="000138">MUSKMELON_MUSKMELON_000138</option><option_value="000139">MUSTARD_SPINACH_MUSTARD_SPINACH_000139</option><option_value="000140">NAMEKO_MUSHROOM_NAMEKO_MUSHROOM_000140</option><option_value="000141">NAVEL_ORANGE_NAVEL_ORANGE_000141</option><option_value="000142">NECTARINE_NECTARINE_000142</option><option_value="000143">OKRA_OKRA_000143</option><option_value="000144">OLIVE_OLIVE_000144</option><option_value="000145">ONION_ONION_000145</option><option_value="000146">ORANGE_ORANGE_000146</option><option_value="000147">PAPAYA_PAPAYA_000147</option><option_value="000148">PAPRIKA_PAPRIKA_000148</option><option_value="000149">PARSLEY_PARSLEY_000149</option><option_value="000150">PARSNIP_PARSNIP_000150</option><option_value="000151">PASSION_FRUIT_PASSION_FRUIT_000151</option><option_value="000152">PEA_PEA_000152</option><option_value="000153">PEACH_PEACH_000153</option><option_value="000154">PEANUT_PEANUT_000154</option><option_value="000155">PEAR_PEAR_000155</option><option_value="000156">PEARL_ONION_PEARL_ONION_000156</option><option_value="000157">PEEL_PEEL_000157</option><option_value="000158">PERILLA_PERILLA_000158</option><option_value="000159">PERSIMMON_PERSIMMON_000159</option><option_value="000160">PINEAPPLE_PINEAPPLE_000160</option><option_value="000161">PISTACHIO_PISTACHIO_000161</option><option_value="000162">PLUM_PLUM_000162</option><option_value="000163">POMEGRANATE_POMEGRANATE_000163</option><option_value="000164">POMELO_POMELO_000164</option><option_value="000165">POTATO_POTATO_000165</option><option_value="000166">POTHERB_MUSTARD_POTHERB_MUSTARD_000166</option><option_value="000167">PRUNE_PRUNE_000167</option><option_value="000168">PUMPKIN_PUMPKIN_000168</option><option_value="000169">QUINCE_QUINCE_000169</option><option_value="000170">RADISH_RADISH_000170</option><option_value="000171">RADISH_SHOOT_RADISH_SHOOT_000171</option><option_value="000172">RAPE_BLOSSOMS_RAPE_BLOSSOMS_000172</option><option_value="000173">RASPBERRY_RASPBERRY_000173</option><option_value="000174">RED_BEAN_RED_BEAN_000174</option><option_value="000175">RED_ONION_RED_ONION_000175</option><option_value="000176">RED_PEPPER_RED_PEPPER_000176</option><option_value="000177">RICE_RICE_000177</option><option_value="000178">RYE_RYE_000178</option><option_value="000179">SEED_SEED_000179</option><option_value="000180">SESAME_SESAME_000180</option><option_value="000181">SHALLOT_SHALLOT_000181</option><option_value="000182">SHIITAKE_MUSHROOM_SHIITAKE_MUSHROOM_000182</option><option_value="000183">SHIMEJI_MUSHROOM_SHIMEJI_MUSHROOM_000183</option><option_value="000184">SKIN_SKIN_000184</option><option_value="000185">SOYBEAN_SOYBEAN_000185</option><option_value="000186">SPINACH_SPINACH_000186</option><option_value="000187">SPROUT_SPROUT_000187</option><option_value="000188">STAR_FRUIT_STAR_FRUIT_000188</option><option_value="000189">STRAWBERRY_STRAWBERRY_000189</option><option_value="000190">STRING_BEAN_STRING_BEAN_000190</option><option_value="000191">SWEET_GREEN_PEPPER_SWEET_GREEN_PEPPER_000191</option><option_value="000192">SWEET_POTATO_SWEET_POTATO_000192</option><option_value="000193">TANGERINE_TANGERINE_000193</option><option_value="000194">TARO_TARO_000194</option><option_value="000195">TOMATO_TOMATO_000195</option><option_value="000196">TRUFFLE_TRUFFLE_000196</option><option_value="000197">TURNIP_TURNIP_000197</option><option_value="000198">TURNIP_GREENS_TURNIP_GREENS_000198</option><option_value="000199">UDO_UDO_000199</option><option_value="000200">UME_UME_000200</option><option_value="000201">WALNUT_WALNUT_000201</option><option_value="000202">WATER_SHIELD_WATER_SHIELD_000202</option><option_value="000203">WATERCRESS_WATERCRESS_000203</option><option_value="000204">WATERMELON_WATERMELON_000204</option><option_value="000205">WAX_GOURD_WAX_GOURD_000205</option><option_value="000206">WER_WER_000206</option><option_value="000207">WHEAT_WHEAT_000207</option><option_value="000208">YUZU_YUZU_000208</option><option_value="000209">ZUCCHINI_COURGETTE_ZUCCHINI_COURGETTE_000209</option></select>
