SELECT 000003 000001 <select_id="000000:000003:000001:SELECT"_name="vege1"><option_value="000001">EUROPEAN_PEAR</option><option_value="000002">FRENCH_BEAN</option><option_value="000003">JAPANESE_PARSLEY</option></select>
