@ _ \@ \_ <select_id=":_:@:\_:&quot;"_name="vege5"><option_value="000001">&lt;EUROPEAN_PEAR&gt;</option><option_value="000002"></option><option_value="000003">@</option></select>
