UID 000000
REQUEST 受注内容ページ
GYOMUID 036591
GENBAID @
"SAGYO_BI" "2017_01_01"
TEXTAREA ここに_で_\_\__フォルト'の値
TEXTAREA2 @
