aa @ bb cc dd ee ff
@ bb @ @ @ ee @
@ bb cc @ @ ee @
@ bb @ dd @ ee @
@ bb @ @ ee @ @
@ @ bb cc dd ee @
@ bb @ @ @ ee @
@ bb cc @ @ ee @
@ bb @ dd @ ee @
@ bb @ @ ee @ @
