aa @ bb cc dd ee ff
@ bb @ @ @ @ @
@ bb cc @ @ @ @
@ bb @ dd @ @ @
@ bb @ @ ee @ @
@ @ bb cc dd ee @
@ bb @ @ @ @ @
@ bb cc @ @ @ @
@ bb @ dd @ @ @
@ bb @ @ ee @ @
a
@
