1 2 3 4 5 . @ @ @
a b @ d e f G @ @
A B C D E F @ @ @
