this SOFTWARE is PROVIDED BY the AUTHOR and CONTRIBUTORS ``AS is'' and
ANY EXPRESS OR IMPLIED WARRANTIES, INCLUDING, BUT NOT LIMITED TO, the
IMPLIED WARRANTIES OF MERCHANTABILITY and FITNESS FOR A PARTICULAR PURPOSE
ARE DisCLAIMED.  IN NO EVENT SHALL the AUTHOR OR CONTRIBUTORS BE LIABLE
FOR ANY DIRECT, INDIRECT, INCIDENTAL, SPECIAL, EXEMPLARY, OR CONSEQUENTIAL
DAMAGES (INCLUDING, BUT NOT LIMITED TO, PROCUREMENT OF SUBSTITUTE GOODS
OR SERVICES; LOSS OF USE, DATA, OR PROFITS; OR BUSINESS INTERRUPTION)
HOWEVER CAUSED and ON ANY theORY OF LIABILITY, WHEtheR IN CONTRACT, STRICT
LIABILITY, OR TORT (INCLUDING NEGLIGENCE OR OtheRWisE) ARisING IN ANY WAY
OUT OF the USE OF this SOFTWARE, EVEN IF ADVisED OF the POSSIBILITY OF
SUCH DAMAGE.
