<html>
<body>
	<textarea id='comment'>_\ Hello
\nWorld \_</textarea>
</body>
</html>
