  <tr><td>000001CHINA</td><td>CHINA</td><td>U.S.</td></tr>
  <tr><td>000002JAPAN</td><td>JAPAN</td><td>U.K.</td></tr>
  <tr><td>000003INDIA</td><td>INDIA</td><td>PHILIPPINES</td></tr>
  <tr><td>000004U.S.</td><td>U.S.</td><td>CANADA</td></tr>
  <tr><td>000005CHINA</td><td>CHINA</td><td>TURKEY</td></tr>
