  <tr><td>000001CHINA</td><td>CHINA</td><td><!--L3--></td></tr>
  <tr><td>000002JAPAN</td><td>JAPAN</td><td><!--L3--></td></tr>
  <tr><td>000003INDIA</td><td>INDIA</td><td><!--L3--></td></tr>
  <tr><td>000004U.S.</td><td>U.S.</td><td><!--L3--></td></tr>
  <tr><td>000005CHINA</td><td>CHINA</td><td><!--L3--></td></tr>
