201701
201703
201705
201707
201709
201711
201801
201803
201805
201807
