20170101
20170102
20170103
20170104
20170105
20170106
20170107
20170108
20170109
20170110
