20170101
20170110
20170119
20170128
20170206
20170215
20170224
20170305
20170314
20170323
