20170101
20161223
20161214
20161205
20161126
20161117
20161108
20161030
20161021
20161012
