20130101 @ 20130202 20130303 20130404
20140101 @ 20140202 20140303 20140404
20150101 @ 20150202 20150303 20150404
