000001 12800 @ 12800 000001
000002 9800 @ 9800 000002
000004 1280 @ 1280 000004
