AA @ CC cc @ @ @
AA bb CC cc @ @ @
AA bb CC @ @ @ @
AA bb CC dd @ @ @
AA bb CC dd @ @ @
AA @ CC cc @ @ @
AA bb CC cc @ @ @
AA bb CC @ @ @ @
AA bb CC dd @ @ @
AA bb CC dd @ @ @
