(aa C D) (@ B) (bb A) (cc A) (dd A) (ee A) (ff A)
(aa C D) (bb B) (@ A) (cc A) (dd A) (ee A) (ff A)
(aa C D) (bb B) (cc A) (@ A) (dd A) (ee A) (ff A)
(aa C D) (bb B) (cc A) (dd A) (@ A) (ee A) (ff A)
(aa C D) (bb B) (cc A) (dd A) (ee A) (@ A) (ff A)
