(aa a b) (@ a b) (bb a b) (cc a b) (dd a b) (ee a b) (ff a b)
(aa a b) (bb a b) (@ a b) (cc a b) (dd a b) (ee a b) (ff a b)
(aa a b) (bb a b) (cc a b) (@ a b) (dd a b) (ee a b) (ff a b)
(aa a b) (bb a b) (cc a b) (dd a b) (@ a b) (ee a b) (ff a b)
(aa a b) (bb a b) (cc a b) (dd a b) (ee a b) (@ a b) (ff a b)
